Microsoft Windows [Version 10.0.17763.379]
(c) 2018 Microsoft Corporation. All rights reserved.

C:\Dropbox\Git\git4-cli\git4-collaboration>git init
Initialized empty Git repository in C:/Dropbox/Git/git4-cli/git4-collaboration/.git/

C:\Dropbox\Git\git4-cli\git4-collaboration>git add *

C:\Dropbox\Git\git4-cli\git4-collaboration>git commit -m "work 1"
[master (root-commit) f3c7f83] work 1
 1 file changed, 0 insertions(+), 0 deletions(-)
 create mode 100644 test.txt

# git 저장소와 연결

C:\Dropbox\Git\git4-cli\git4-collaboration>git remote add origin https://github.com/jeongdo/git4-collaboration.git

C:\Dropbox\Git\git4-cli\git4-collaboration>git push -u origin master
Enumerating objects: 3, done.
Counting objects: 100% (3/3), done.
Writing objects: 100% (3/3), 201 bytes | 100.00 KiB/s, done.
Total 3 (delta 0), reused 0 (delta 0)
To https://github.com/jeongdo/git4-collaboration.git
 * [new branch]      master -> master
Branch 'master' set up to track remote branch 'master' from 'origin'.

# 협업자 등록 (nervcv)

C:\Dropbox\Git\git4-cli\git4-collaboration>git log --graph
* commit 4cdf591c9211945b4a06b87ef22412530ac270ae (HEAD -> master)
| Author: nervcv <nervcv@gmail.com>
| Date:   Thu Mar 28 17:46:06 2019 +0900
|
|     master vs origin/master
|
* commit fbde5b56b57f28b8bf9c9bb7b765ffcbcfef2677 (origin/master)
| Author: nervcv <nervcv@gmail.com>
| Date:   Thu Mar 28 17:40:19 2019 +0900
|
|     work 4
|
*   commit 7039c6223d1632d913c70ddf5b5dd263f63b1255
|\  Merge: 1c0fab9 69b17d2
| | Author: nervcv <nervcv@gmail.com>
| | Date:   Thu Mar 28 17:37:40 2019 +0900
| |
| |     Merge branch 'master' of https://github.com/jeongdo/git4-collaboration
| |     merge
| |
| * commit 69b17d2645f53a848942aeb9927de40f48d058b1
| | Author: nervcv <nervcv@gmail.com>
| | Date:   Thu Mar 28 17:28:27 2019 +0900
| |
| |     nervcv work1
| |
* | commit 1c0fab94be3d773eede0ade78757c3fe4c34cd16
|/  Author: nervcv <nervcv@gmail.com>
|   Date:   Thu Mar 28 17:26:29 2019 +0900
|
|       work 3
|
* commit cd5494ba1565ee22d5bb3bae83fe2a7714f766ff
| Author: nervcv <nervcv@gmail.com>
| Date:   Thu Mar 28 17:02:34 2019 +0900
|
|     work 2
|
* commit f3c7f834b232e995004b1f6632c379c1de4f3ae2
  Author: nervcv <nervcv@gmail.com>
  Date:   Thu Mar 28 16:55:28 2019 +0900

      work 1

C:\Dropbox\Git\git4-cli\git4-collaboration>git status
On branch master
Your branch is ahead of 'origin/master' by 1 commit.
  (use "git push" to publish your local commits)

nothing to commit, working tree clean

C:\Dropbox\Git\git4-cli\git4-collaboration>git log --graph
* commit 4cdf591c9211945b4a06b87ef22412530ac270ae (HEAD -> master, origin/master)
| Author: nervcv <nervcv@gmail.com>
| Date:   Thu Mar 28 17:46:06 2019 +0900
|
|     master vs origin/master
|
* commit fbde5b56b57f28b8bf9c9bb7b765ffcbcfef2677
| Author: nervcv <nervcv@gmail.com>
| Date:   Thu Mar 28 17:40:19 2019 +0900
|
|     work 4
|
*   commit 7039c6223d1632d913c70ddf5b5dd263f63b1255
|\  Merge: 1c0fab9 69b17d2
| | Author: nervcv <nervcv@gmail.com>
| | Date:   Thu Mar 28 17:37:40 2019 +0900
| |
| |     Merge branch 'master' of https://github.com/jeongdo/git4-collaboration
| |     merge
| |
| * commit 69b17d2645f53a848942aeb9927de40f48d058b1
| | Author: nervcv <nervcv@gmail.com>
| | Date:   Thu Mar 28 17:28:27 2019 +0900
| |
| |     nervcv work1
| |
* | commit 1c0fab94be3d773eede0ade78757c3fe4c34cd16
|/  Author: nervcv <nervcv@gmail.com>
|   Date:   Thu Mar 28 17:26:29 2019 +0900
|
|       work 3
|
* commit cd5494ba1565ee22d5bb3bae83fe2a7714f766ff
| Author: nervcv <nervcv@gmail.com>
| Date:   Thu Mar 28 17:02:34 2019 +0900
|
|     work 2
|
* commit f3c7f834b232e995004b1f6632c379c1de4f3ae2
  Author: nervcv <nervcv@gmail.com>
  Date:   Thu Mar 28 16:55:28 2019 +0900

      work 1

# git pull = git fetch; git merge


#pull request?

C:\Users\Heo\Documents>git commit -am "git pull request?"
fatal: not a git repository (or any of the parent directories): .git

C:\Users\Heo\Documents>cd git4-collaboration

C:\Users\Heo\Documents\git4-collaboration>git commit -am "git pull request?"
[master 2ffe07b] git pull request?
 1 file changed, 4 insertions(+), 1 deletion(-)

C:\Users\Heo\Documents\git4-collaboration>git push
Enumerating objects: 5, done.
Counting objects: 100% (5/5), done.
Delta compression using up to 4 threads
Compressing objects: 100% (2/2), done.
Writing objects: 100% (3/3), 284 bytes | 142.00 KiB/s, done.
Total 3 (delta 1), reused 0 (delta 0)
remote: Resolving deltas: 100% (1/1), completed with 1 local object.
To https://github.com/clouldlin/git4-collaboration.git
   99b17fe..2ffe07b  master -> master

C:\Users\Heo\Documents\git4-collaboration>